etï¿½ets Jun  8 2016 00:22:57

rst:0x1 (POWERON_RESET),boot:0x13 (SPI_FAST_FLASH_BOOT)
configsip: 0, SPIWP:0xee
clk_drv:0x00,q_drv:0x00,d_drv:0x00,cs0_drv:0x00,hd_drv:0x00,wp_drv:0x00
mode:DIO, clock div:2
load:0x3fff0030,len:7172
load:0x40078000,len:15532
load:0x40080400,len:4
load:0x40080404,len:3904
entry 0x40080640
[0;32mI (29) boot: ESP-IDF v5.2 2nd stage bootloader[0m
[0;32mI (29) boot: compile time Feb 20 2024 21:44:42[0m
[0;32mI (29) boot: Multicore bootloader[0m
[0;32mI (33) boot: chip revision: v1.0[0m
[0;32mI (36) boot.esp32: SPI Speed      : 40MHz[0m
[0;32mI (41) boot.esp32: SPI Mode       : DIO[0m
[0;32mI (46) boot.esp32: SPI Flash Size : 2MB[0m
[0;32mI (50) boot: Enabling RNG early entropy source...[0m
[0;32mI (55) boot: Partition Table:[0m
[0;32mI (59) boot: ## Label            Usage          Type ST Offset   Length[0m
[0;32mI (66) boot:  0 nvs              WiFi data        01 02 00009000 00006000[0m
[0;32mI (74) boot:  1 phy_init         RF data          01 01 0000f000 00001000[0m
[0;32mI (81) boot:  2 factory          factory app      00 00 00010000 00100000[0m
[0;32mI (89) boot: End of partition table[0m
[0;32mI (93) esp_image: segment 0: paddr=00010020 vaddr=3f400020 size=09fach ( 40876) map[0m
[0;32mI (115) esp_image: segment 1: paddr=00019fd4 vaddr=3ffb0000 size=022e8h (  8936) load[0m
[0;32mI (119) esp_image: segment 2: paddr=0001c2c4 vaddr=40080000 size=03d54h ( 15700) load[0m
[0;32mI (127) esp_image: segment 3: paddr=00020020 vaddr=400d0020 size=16e1ch ( 93724) map[0m
[0;32mI (162) esp_image: segment 4: paddr=00036e44 vaddr=40083d54 size=08b18h ( 35608) load[0m
[0;32mI (182) boot: Loaded app from partition at offset 0x10000[0m
[0;32mI (183) boot: Disabling RNG early entropy source...[0m
[0;32mI (194) cpu_start: Multicore app[0m
V (194) mmap: after coalescing, 3 regions are left[0m
D (194) cpu_start: Pro cpu up[0m
D (195) cpu_start: Starting app cpu, entry point is 0x40081034[0m
D (0) cpu_start: App cpu up[0m
D (208) clk: RTC_SLOW_CLK calibration value: 3266240[0m
[0;32mI (220) cpu_start: Pro cpu start user code[0m
[0;32mI (220) cpu_start: cpu freq: 160000000 Hz[0m
[0;32mI (220) cpu_start: Application information:[0m
[0;32mI (225) cpu_start: Project name:     projeto_teste[0m
[0;32mI (230) cpu_start: App version:      7043b1c-dirty[0m
[0;32mI (236) cpu_start: Compile time:     Feb 20 2024 21:44:31[0m
[0;32mI (242) cpu_start: ELF file SHA256:  f2d1c4e3f...[0m
[0;32mI (247) cpu_start: ESP-IDF:          v5.2[0m
[0;32mI (252) cpu_start: Min chip rev:     v0.0[0m
[0;32mI (257) cpu_start: Max chip rev:     v3.99 [0m
[0;32mI (262) cpu_start: Chip rev:         v1.0[0m
V (266) memory_layout: reserved range is 0x3f409f74 - 0x3f409fbc[0m
D (272) memory_layout: Checking 9 reserved memory ranges:[0m
D (278) memory_layout: Reserved memory range 0x3ff82000 - 0x3ff82000[0m
D (284) memory_layout: Reserved memory range 0x3ffae000 - 0x3ffae6e0[0m
D (291) memory_layout: Reserved memory range 0x3ffb0000 - 0x3ffb2ba8[0m
D (297) memory_layout: Reserved memory range 0x3ffe0000 - 0x3ffe0440[0m
D (304) memory_layout: Reserved memory range 0x3ffe3f20 - 0x3ffe4350[0m
D (310) memory_layout: Reserved memory range 0x40070000 - 0x40078000[0m
D (316) memory_layout: Reserved memory range 0x40078000 - 0x40080000[0m
D (323) memory_layout: Reserved memory range 0x40080000 - 0x4008c86c[0m
D (329) memory_layout: Reserved memory range 0x50001fe8 - 0x50002000[0m
D (336) memory_layout: Building list of available memory regions:[0m
V (342) memory_layout: Examining memory region 0x3ffae000 - 0x3ffb0000[0m
V (348) memory_layout: Start of region 0x3ffae000 - 0x3ffb0000 overlaps reserved 0x3ffae000 - 0x3ffae6e0[0m
D (358) memory_layout: Available memory region 0x3ffae6e0 - 0x3ffb0000[0m
V (365) memory_layout: Examining memory region 0x3ffb0000 - 0x3ffb8000[0m
V (371) memory_layout: Start of region 0x3ffb0000 - 0x3ffb8000 overlaps reserved 0x3ffb0000 - 0x3ffb2ba8[0m
D (381) memory_layout: Available memory region 0x3ffb2ba8 - 0x3ffb8000[0m
V (387) memory_layout: Examining memory region 0x3ffb8000 - 0x3ffc0000[0m
D (394) memory_layout: Available memory region 0x3ffb8000 - 0x3ffc0000[0m
V (400) memory_layout: Examining memory region 0x3ffc0000 - 0x3ffc2000[0m
D (407) memory_layout: Available memory region 0x3ffc0000 - 0x3ffc2000[0m
V (414) memory_layout: Examining memory region 0x3ffc2000 - 0x3ffc4000[0m
D (420) memory_layout: Available memory region 0x3ffc2000 - 0x3ffc4000[0m
V (427) memory_layout: Examining memory region 0x3ffc4000 - 0x3ffc6000[0m
D (433) memory_layout: Available memory region 0x3ffc4000 - 0x3ffc6000[0m
V (440) memory_layout: Examining memory region 0x3ffc6000 - 0x3ffc8000[0m
D (447) memory_layout: Available memory region 0x3ffc6000 - 0x3ffc8000[0m
V (453) memory_layout: Examining memory region 0x3ffc8000 - 0x3ffca000[0m
D (460) memory_layout: Available memory region 0x3ffc8000 - 0x3ffca000[0m
V (466) memory_layout: Examining memory region 0x3ffca000 - 0x3ffcc000[0m
D (473) memory_layout: Available memory region 0x3ffca000 - 0x3ffcc000[0m
V (480) memory_layout: Examining memory region 0x3ffcc000 - 0x3ffce000[0m
D (486) memory_layout: Available memory region 0x3ffcc000 - 0x3ffce000[0m
V (493) memory_layout: Examining memory region 0x3ffce000 - 0x3ffd0000[0m
D (499) memory_layout: Available memory region 0x3ffce000 - 0x3ffd0000[0m
V (506) memory_layout: Examining memory region 0x3ffd0000 - 0x3ffd2000[0m
D (513) memory_layout: Available memory region 0x3ffd0000 - 0x3ffd2000[0m
V (519) memory_layout: Examining memory region 0x3ffd2000 - 0x3ffd4000[0m
D (526) memory_layout: Available memory region 0x3ffd2000 - 0x3ffd4000[0m
V (532) memory_layout: Examining memory region 0x3ffd4000 - 0x3ffd6000[0m
D (539) memory_layout: Available memory region 0x3ffd4000 - 0x3ffd6000[0m
V (546) memory_layout: Examining memory region 0x3ffd6000 - 0x3ffd8000[0m
D (552) memory_layout: Available memory region 0x3ffd6000 - 0x3ffd8000[0m
V (559) memory_layout: Examining memory region 0x3ffd8000 - 0x3ffda000[0m
D (565) memory_layout: Available memory region 0x3ffd8000 - 0x3ffda000[0m
V (572) memory_layout: Examining memory region 0x3ffda000 - 0x3ffdc000[0m
D (579) memory_layout: Available memory region 0x3ffda000 - 0x3ffdc000[0m
V (585) memory_layout: Examining memory region 0x3ffdc000 - 0x3ffde000[0m
D (592) memory_layout: Available memory region 0x3ffdc000 - 0x3ffde000[0m
V (598) memory_layout: Examining memory region 0x3ffde000 - 0x3ffe0000[0m
D (605) memory_layout: Available memory region 0x3ffde000 - 0x3ffe0000[0m
V (612) memory_layout: Examining memory region 0x3ffe0000 - 0x3ffe4000[0m
V (618) memory_layout: Start of region 0x3ffe0000 - 0x3ffe4000 overlaps reserved 0x3ffe0000 - 0x3ffe0440[0m
V (628) memory_layout: End of region 0x3ffe0440 - 0x3ffe4000 overlaps reserved 0x3ffe3f20 - 0x3ffe4350[0m
D (637) memory_layout: Available memory region 0x3ffe0440 - 0x3ffe3f20[0m
V (644) memory_layout: Examining memory region 0x3ffe4000 - 0x3ffe8000[0m
V (650) memory_layout: Start of region 0x3ffe4000 - 0x3ffe8000 overlaps reserved 0x3ffe3f20 - 0x3ffe4350[0m
D (660) memory_layout: Available memory region 0x3ffe4350 - 0x3ffe8000[0m
V (666) memory_layout: Examining memory region 0x3ffe8000 - 0x3fff0000[0m
D (673) memory_layout: Available memory region 0x3ffe8000 - 0x3fff0000[0m
V (680) memory_layout: Examining memory region 0x3fff0000 - 0x3fff8000[0m
D (686) memory_layout: Available memory region 0x3fff0000 - 0x3fff8000[0m
V (693) memory_layout: Examining memory region 0x3fff8000 - 0x3fffc000[0m
D (699) memory_layout: Available memory region 0x3fff8000 - 0x3fffc000[0m
V (706) memory_layout: Examining memory region 0x3fffc000 - 0x40000000[0m
D (713) memory_layout: Available memory region 0x3fffc000 - 0x40000000[0m
V (719) memory_layout: Examining memory region 0x40070000 - 0x40078000[0m
V (726) memory_layout: Region 0x40070000 - 0x40078000 inside of reserved 0x40070000 - 0x40078000[0m
V (735) memory_layout: Examining memory region 0x40078000 - 0x40080000[0m
V (741) memory_layout: Region 0x40078000 - 0x40080000 inside of reserved 0x40078000 - 0x40080000[0m
V (750) memory_layout: Examining memory region 0x40080000 - 0x40082000[0m
V (757) memory_layout: Region 0x40080000 - 0x40082000 inside of reserved 0x40080000 - 0x4008c86c[0m
V (766) memory_layout: Examining memory region 0x40082000 - 0x40084000[0m
V (772) memory_layout: Region 0x40082000 - 0x40084000 inside of reserved 0x40080000 - 0x4008c86c[0m
V (781) memory_layout: Examining memory region 0x40084000 - 0x40086000[0m
V (788) memory_layout: Region 0x40084000 - 0x40086000 inside of reserved 0x40080000 - 0x4008c86c[0m
V (796) memory_layout: Examining memory region 0x40086000 - 0x40088000[0m
V (803) memory_layout: Region 0x40086000 - 0x40088000 inside of reserved 0x40080000 - 0x4008c86c[0m
V (812) memory_layout: Examining memory region 0x40088000 - 0x4008a000[0m
V (819) memory_layout: Region 0x40088000 - 0x4008a000 inside of reserved 0x40080000 - 0x4008c86c[0m
V (827) memory_layout: Examining memory region 0x4008a000 - 0x4008c000[0m
V (834) memory_layout: Region 0x4008a000 - 0x4008c000 inside of reserved 0x40080000 - 0x4008c86c[0m
V (843) memory_layout: Examining memory region 0x4008c000 - 0x4008e000[0m
V (849) memory_layout: Start of region 0x4008c000 - 0x4008e000 overlaps reserved 0x40080000 - 0x4008c86c[0m
D (859) memory_layout: Available memory region 0x4008c86c - 0x4008e000[0m
V (866) memory_layout: Examining memory region 0x4008e000 - 0x40090000[0m
D (872) memory_layout: Available memory region 0x4008e000 - 0x40090000[0m
V (879) memory_layout: Examining memory region 0x40090000 - 0x40092000[0m
D (885) memory_layout: Available memory region 0x40090000 - 0x40092000[0m
V (892) memory_layout: Examining memory region 0x40092000 - 0x40094000[0m
D (899) memory_layout: Available memory region 0x40092000 - 0x40094000[0m
V (905) memory_layout: Examining memory region 0x40094000 - 0x40096000[0m
D (912) memory_layout: Available memory region 0x40094000 - 0x40096000[0m
V (918) memory_layout: Examining memory region 0x40096000 - 0x40098000[0m
D (925) memory_layout: Available memory region 0x40096000 - 0x40098000[0m
V (932) memory_layout: Examining memory region 0x40098000 - 0x4009a000[0m
D (938) memory_layout: Available memory region 0x40098000 - 0x4009a000[0m
V (945) memory_layout: Examining memory region 0x4009a000 - 0x4009c000[0m
D (951) memory_layout: Available memory region 0x4009a000 - 0x4009c000[0m
V (958) memory_layout: Examining memory region 0x4009c000 - 0x4009e000[0m
D (965) memory_layout: Available memory region 0x4009c000 - 0x4009e000[0m
V (971) memory_layout: Examining memory region 0x4009e000 - 0x400a0000[0m
D (978) memory_layout: Available memory region 0x4009e000 - 0x400a0000[0m
[0;32mI (984) heap_init: Initializing. RAM available for dynamic allocation:[0m
D (992) heap_init: New heap initialised at 0x3ffae6e0[0m
[0;32mI (997) heap_init: At 3FFAE6E0 len 00001920 (6 KiB): DRAM[0m
D (1003) heap_init: New heap initialised at 0x3ffb2ba8[0m
[0;32mI (1008) heap_init: At 3FFB2BA8 len 0002D458 (181 KiB): DRAM[0m
[0;32mI (1014) heap_init: At 3FFE0440 len 00003AE0 (14 KiB): D/IRAM[0m
[0;32mI (1021) heap_init: At 3FFE4350 len 0001BCB0 (111 KiB): D/IRAM[0m
D (1027) heap_init: New heap initialised at 0x4008c86c[0m
[0;32mI (1032) heap_init: At 4008C86C len 00013794 (77 KiB): IRAM[0m
V (1039) intr_alloc: esp_intr_alloc_intrstatus (cpu 0): checking args[0m
V (1045) intr_alloc: esp_intr_alloc_intrstatus (cpu 0): Args okay. Resulting flags 0x40E[0m
D (1054) intr_alloc: Connected src 46 to int 2 (cpu 0)[0m
V (1059) memspi: raw_chip_id: 16405E
[0m
V (1062) memspi: chip_id: 5E4016
[0m
V (1066) memspi: raw_chip_id: 16405E
[0m
V (1070) memspi: chip_id: 5E4016
[0m
D (1073) spi_flash: trying chip: issi[0m
D (1077) spi_flash: trying chip: gd[0m
D (1080) spi_flash: trying chip: mxic[0m
D (1084) spi_flash: trying chip: winbond[0m
D (1088) spi_flash: trying chip: generic[0m
[0;32mI (1092) spi_flash: detected chip: generic[0m
[0;32mI (1097) spi_flash: flash io: dio[0m
[0;33mW (1101) spi_flash: Detected size(4096k) larger than the size in the binary image header(2048k). Using the size in the binary image header.[0m
D (1114) cpu_start: calling init function: 0x400d6bcc[0m
D (1119) cpu_start: calling init function: 0x400853a8[0m
D (1124) cpu_start: calling init function: 0x400d0e04[0m
D (1130) cpu_start: calling init function: 0x400d3a94 on core: 0[0m
V (1136) intr_alloc: esp_intr_alloc_intrstatus (cpu 0): checking args[0m
V (1142) intr_alloc: esp_intr_alloc_intrstatus (cpu 0): Args okay. Resulting flags 0xC02[0m
D (1150) intr_alloc: Connected src 17 to int 3 (cpu 0)[0m
D (1155) cpu_start: calling init function: 0x400e581c on core: 0[0m
V (1162) intr_alloc: esp_intr_alloc_intrstatus (cpu 0): checking args[0m
V (1168) intr_alloc: esp_intr_alloc_intrstatus (cpu 0): Args okay. Resulting flags 0x40E[0m
D (1176) intr_alloc: Connected src 24 to int 9 (cpu 0)[0m
D (1181) app_start: Starting scheduler on CPU0[0m
V (1186) intr_alloc: esp_intr_alloc_intrstatus (cpu 1): checking args[0m
V (1186) intr_alloc: esp_intr_alloc_intrstatus (cpu 1): Args okay. Resulting flags 0x40E[0m
[0D (1196) intr_alloc: Connected src 25 to int 2 (cpu 1)[0m
D (1206) app_start: Starting scheduler on CPU1[0m
;32mI (1186) main_task: Started on CPU0[0m
D (1216) heap_init: New heap initialised at 0x3ffe0440[0m
D (1216) heap_init: New heap initialised at 0x3ffe4350[0m
V (1216) intr_alloc: esp_intr_alloc_intrstatus (cpu 0): checking args[0m
V (1226) intr_alloc: esp_intr_alloc_intrstatus (cpu 0): Args okay. Resulting flags 0xE[0m
D (1236) intr_alloc: Connected src 16 to int 12 (cpu 0)[0m
[0;32mI (1236) main_task: Calling app_main()[0m
[0;31mE (1246) LOG: Isso Ã© um erro[0m
[0;33mW (1246) LOG: Isso Ã© um aviso[0m
[0;32mI (1256) LOG: Isso Ã© uma informaÃ§Ã£o[0m
D (1256) LOG: Isso Ã© um debug[0m
V (1256) LOG: Isso Ã© um verbose[0m
[0;32mI (1266) main_task: Returned from app_main()[0m
