ï¿½Bï¿½ets Jun  8 2016 00:22:57

rst:0x1 (POWERON_RESET),boot:0x13 (SPI_FAST_FLASH_BOOT)
configsip: 0, SPIWP:0xee
clk_drv:0x00,q_drv:0x00,d_drv:0x00,cs0_drv:0x00,hd_drv:0x00,wp_drv:0x00
mode:DIO, clock div:2
load:0x3fff0030,len:7172
load:0x40078000,len:15532
load:0x40080400,len:4
load:0x40080404,len:3904
entry 0x40080640
[0;32mI (28) boot: ESP-IDF v5.2 2nd stage bootloader[0m
[0;32mI (29) boot: compile time Feb 22 2024 14:24:34[0m
[0;32mI (29) boot: Multicore bootloader[0m
[0;32mI (33) boot: chip revision: v1.0[0m
[0;32mI (36) boot.esp32: SPI Speed      : 40MHz[0m
[0;32mI (41) boot.esp32: SPI Mode       : DIO[0m
[0;32mI (46) boot.esp32: SPI Flash Size : 2MB[0m
[0;32mI (50) boot: Enabling RNG early entropy source...[0m
[0;32mI (55) boot: Partition Table:[0m
[0;32mI (59) boot: ## Label            Usage          Type ST Offset   Length[0m
[0;32mI (66) boot:  0 nvs              WiFi data        01 02 00009000 00006000[0m
[0;32mI (74) boot:  1 phy_init         RF data          01 01 0000f000 00001000[0m
[0;32mI (81) boot:  2 factory          factory app      00 00 00010000 00100000[0m
[0;32mI (89) boot: End of partition table[0m
[0;32mI (93) esp_image: segment 0: paddr=00010020 vaddr=3f400020 size=09544h ( 38212) map[0m
[0;32mI (115) esp_image: segment 1: paddr=0001956c vaddr=3ffb0000 size=0220ch (  8716) load[0m
[0;32mI (118) esp_image: segment 2: paddr=0001b780 vaddr=40080000 size=04898h ( 18584) load[0m
[0;32mI (128) esp_image: segment 3: paddr=00020020 vaddr=400d0020 size=13438h ( 78904) map[0m
[0;32mI (156) esp_image: segment 4: paddr=00033460 vaddr=40084898 size=07e84h ( 32388) load[0m
[0;32mI (175) boot: Loaded app from partition at offset 0x10000[0m
[0;32mI (175) boot: Disabling RNG early entropy source...[0m
[0;32mI (187) cpu_start: Multicore app[0m
[0;32mI (196) cpu_start: Pro cpu start user code[0m
[0;32mI (196) cpu_start: cpu freq: 160000000 Hz[0m
[0;32mI (196) cpu_start: Application information:[0m
[0;32mI (199) cpu_start: Project name:     2_Usando_Segundo_Nucleo[0m
[0;32mI (205) cpu_start: App version:      ecafba0[0m
[0;32mI (210) cpu_start: Compile time:     Feb 22 2024 14:24:24[0m
[0;32mI (216) cpu_start: ELF file SHA256:  09209f4b4...[0m
[0;32mI (221) cpu_start: ESP-IDF:          v5.2[0m
[0;32mI (226) cpu_start: Min chip rev:     v0.0[0m
[0;32mI (231) cpu_start: Max chip rev:     v3.99 [0m
[0;32mI (236) cpu_start: Chip rev:         v1.0[0m
[0;32mI (241) heap_init: Initializing. RAM available for dynamic allocation:[0m
[0;32mI (248) heap_init: At 3FFAE6E0 len 00001920 (6 KiB): DRAM[0m
[0;32mI (254) heap_init: At 3FFB2AD0 len 0002D530 (181 KiB): DRAM[0m
[0;32mI (260) heap_init: At 3FFE0440 len 00003AE0 (14 KiB): D/IRAM[0m
[0;32mI (266) heap_init: At 3FFE4350 len 0001BCB0 (111 KiB): D/IRAM[0m
[0;32mI (273) heap_init: At 4008C71C len 000138E4 (78 KiB): IRAM[0m
[0;32mI (280) spi_flash: detected chip: generic[0m
[0;32mI (283) spi_flash: flash io: dio[0m
[0;33mW (287) spi_flash: Detected size(4096k) larger than the size in the binary image header(2048k). Using the size in the binary image header.[0m
[0;32mI (301) main_task: Started on CPU0[0m
[0;32mI (311) main_task: Calling app_main()[0m
Lendo a Temperaura da Tarefa 1
[0;32mI (311) main_task: Returned from app_main()[0m
Lendo a Humidade da Tarefa 2
Lendo a Temperaura da Tarefa 1
Lendo a Temperaura da Tarefa 1
Lendo a Humidade da Tarefa 2
Lendo a Temperaura da Tarefa 1
Lendo a Temperaura da Tarefa 1
Lendo a Humidade da Tarefa 2
Lendo a Temperaura da Tarefa 1
Lendo a Temperaura da Tarefa 1
Lendo a Humidade da Tarefa 2
Lendo a Temperaura da Tarefa 1
Lendo a Temperaura da Tarefa 1
Lendo a Humidade da Tarefa 2
